Microchip MPLAB XC8 Compiler V1.41 ()

Linker command line:

-W-3 --edf=C:\Program Files (x86)\Microchip\xc8\v1.41\dat\en_msgs.txt -cs \
  -h+dist/default/debug\HxProgrammerInterface.X.debug.sym \
  --cmf=dist/default/debug\HxProgrammerInterface.X.debug.cmf -z -Q18F47K40 \
  -oC:\Users\maxr\AppData\Local\Temp\s5fg.2 \
  -Mdist/default/debug/HxProgrammerInterface.X.debug.map -E1 -ver=XC8 \
  -ASTACK=0400h-0e7dh -pstack=STACK -ACODE=00h-01FFFFh -ACONST=00h-01FFFFh \
  -ASMALLCONST=0F00h-0FFFhx497 -AMEDIUMCONST=0F00h-0FFFFh,010F00h-01FFFFh \
  -ACOMRAM=01h-05Fh -AABS1=00h-0E7Dh -ABIGRAM=01h-0E7Dh \
  -ARAM=060h-0FFh,0100h-01FFhx13,0E00h-0E7Dh -ABANK0=060h-0FFh \
  -ABANK1=0100h-01FFh -ABANK2=0200h-02FFh -ABANK3=0300h-03FFh \
  -ABANK4=0400h-04FFh -ABANK5=0500h-05FFh -ABANK6=0600h-06FFh \
  -ABANK7=0700h-07FFh -ABANK8=0800h-08FFh -ABANK9=0900h-09FFh \
  -ABANK10=0A00h-0AFFh -ABANK11=0B00h-0BFFh -ABANK12=0C00h-0CFFh \
  -ABANK13=0D00h-0DFFh -ABANK14=0E00h-0E7Dh \
  -ASFR=0E7Eh-0EFFh,0F00h-0F5Fh,0F60h-0FFFh \
  -preset_vec=00h,intcode=08h,intcodelo,powerup,init -pramtop=0F00h \
  -psmallconst=SMALLCONST -pmediumconst=MEDIUMCONST -pconst=CONST \
  -AFARRAM=00h-00h -ACONFIG=0300000h-030000Bh -pconfig=CONFIG \
  -AIDLOC=0200000h-020000Fh -pidloc=IDLOC -AEEDATA=0310000h-03103FFh \
  -peeprom_data=EEDATA \
  -prdata=COMRAM,nvrram=COMRAM,nvbit=COMRAM,rbss=COMRAM,rbit=COMRAM \
  -pfarbss=FARRAM,fardata=FARRAM,nvFARRAM=FARRAM \
  -pintsave_regs=BIGRAM,bigbss=BIGRAM,bigdata=BIGRAM -pbss=RAM \
  -pidata=CODE,irdata=CODE,ibigdata=CODE,ifardata=CODE -prparam=COMRAM \
  C:\Users\maxr\AppData\Local\Temp\s5fg.obj \
  dist/default/debug\HxProgrammerInterface.X.debug.obj 

Object code version is 3.11

Machine type is 18F47K40

Call graph: (short form)




                Name                               Link     Load   Length Selector   Space Scale
C:\Users\maxr\AppData\Local\Temp\s5fg.obj
                init                                 E4       E4        4        4       0
                reset_vec                             0        0        6        0       0
                idloc                            200000   200000       10   200000       0
                config                           300000   300000        C   300000       0
dist/default/debug\HxProgrammerInterface.X.debug.obj
                intcode                               8        8       DC        4       0
                temp                                 40       40        1        1       1
                text69                             282C     282C       2E        4       0
                text68                             2886     2886       26        4       0
                text67                             29C2     29C2       16        4       0
                text66                             24D8     24D8       50        4       0
                text65                             2256     2256       6C        4       0
                text64                             2A56     2A56        4        4       0
                text63                             2A3A     2A3A        A        4       0
                text62                             29FE     29FE       12        4       0
                text61                             2948     2948       1C        4       0
                text60                             29AC     29AC       16        4       0
                text59                             1918     1918      190        4       0
                text58                             2A52     2A52        4        4       0
                text57                             29EC     29EC       12        4       0
                text56                             1D9A     1D9A       D6        4       0
                text55                             2A10     2A10       10        4       0
                text54                             27F8     27F8       34        4       0
                text53                             2A5E     2A5E        2        4       0
                text52                             297E     297E       18        4       0
                text51                             274A     274A       3E        4       0
                text50                             134C     134C      26A        4       0
                text49                             270A     270A       40        4       0
                text48                             2A44     2A44        6        4       0
                text47                             27C2     27C2       36        4       0
                text45                             285A     285A       2C        4       0
                text44                             28CE     28CE       22        4       0
                text43                             292C     292C       1C        4       0
                text42                             2910     2910       1C        4       0
                text41                             2996     2996       16        4       0
                text40                             2648     2648       42        4       0
                text39                             26CA     26CA       40        4       0
                text38                             2A4E     2A4E        4        4       0
                text37                             28F0     28F0       20        4       0
                text36                             1CB2     1CB2       E8        4       0
                text35                             2A20     2A20        E        4       0
                text34                             2528     2528       4E        4       0
                text33                             2964     2964       1A        4       0
                text32                             2604     2604       44        4       0
                text31                             2A4A     2A4A        4        4       0
                text30                             2A2E     2A2E        C        4       0
                text29                             29D8     29D8       14        4       0
                text28                             22C2     22C2       64        4       0
                text27                             2A5C     2A5C        2        4       0
                text26                             2A5A     2A5A        2        4       0
                text25                             21E4     21E4       72        4       0
                text24                             1FDE     1FDE       96        4       0
                text23                             2388     2388       56        4       0
                text22                             1E70     1E70       BE        4       0
                text21                             2432     2432       54        4       0
                text20                             2326     2326       62        4       0
                text19                             2576     2576       4A        4       0
                text18                             23DE     23DE       54        4       0
                text17                             2172     2172       72        4       0
                text16                             2074     2074       84        4       0
                text15                             28AC     28AC       22        4       0
                text14                             25C0     25C0       44        4       0
                text13                              47A      47A      2FC        4       0
                text12                             1AA8     1AA8      112        4       0
                text11                             1058     1058      2F4        4       0
                text10                              D64      D64      2F4        4       0
                text9                              20F8     20F8       7A        4       0
                text8                                E8       E8      392        4       0
                text7                              15B6     15B6      1BA        4       0
                text6                               776      776      2F8        4       0
                text5                              2486     2486       52        4       0
                text4                              1770     1770      1A8        4       0
                text3                              1BBA     1BBA       F8        4       0
                text2                              2788     2788       3A        4       0
                text1                               A6E      A6E      2F6        4       0
                text0                              1F2E     1F2E       B0        4       0
                cstackCOMRAM                          1        1       20        1       1
                cstackBANK0                          BE       BE       3E       60       1
                cstackBANK1                         100      100      100      100       1
                cstackBANK3                         300      300      100      300       1
                bssBANK2                            200      200       E0      200       1
                bssBANK0                             60       60       5E       60       1
                dataCOMRAM                           3F       3F        1        1       1
                bssCOMRAM                            21       21       1B        1       1
                cinit                              268A     268A       40        4       0
                nvBANK0                              FC       FC        4       60       1
                nvCOMRAM                             3C       3C        3        1       1
                idataCOMRAM                        2A60     2A60        1        4       0

TOTAL           Name                               Link     Load   Length     Space
        CLASS   STACK          

        CLASS   CODE           
                intcode                               8        8       DC         0
                init                                 E4       E4        4         0
                reset_vec                             0        0        6         0
                text69                             282C     282C       2E         0
                text68                             2886     2886       26         0
                text67                             29C2     29C2       16         0
                text66                             24D8     24D8       50         0
                text65                             2256     2256       6C         0
                text64                             2A56     2A56        4         0
                text63                             2A3A     2A3A        A         0
                text62                             29FE     29FE       12         0
                text61                             2948     2948       1C         0
                text60                             29AC     29AC       16         0
                text59                             1918     1918      190         0
                text58                             2A52     2A52        4         0
                text57                             29EC     29EC       12         0
                text56                             1D9A     1D9A       D6         0
                text55                             2A10     2A10       10         0
                text54                             27F8     27F8       34         0
                text53                             2A5E     2A5E        2         0
                text52                             297E     297E       18         0
                text51                             274A     274A       3E         0
                text50                             134C     134C      26A         0
                text49                             270A     270A       40         0
                text48                             2A44     2A44        6         0
                text47                             27C2     27C2       36         0
                text45                             285A     285A       2C         0
                text44                             28CE     28CE       22         0
                text43                             292C     292C       1C         0
                text42                             2910     2910       1C         0
                text41                             2996     2996       16         0
                text40                             2648     2648       42         0
                text39                             26CA     26CA       40         0
                text38                             2A4E     2A4E        4         0
                text37                             28F0     28F0       20         0
                text36                             1CB2     1CB2       E8         0
                text35                             2A20     2A20        E         0
                text34                             2528     2528       4E         0
                text33                             2964     2964       1A         0
                text32                             2604     2604       44         0
                text31                             2A4A     2A4A        4         0
                text30                             2A2E     2A2E        C         0
                text29                             29D8     29D8       14         0
                text28                             22C2     22C2       64         0
                text27                             2A5C     2A5C        2         0
                text26                             2A5A     2A5A        2         0
                text25                             21E4     21E4       72         0
                text24                             1FDE     1FDE       96         0
                text23                             2388     2388       56         0
                text22                             1E70     1E70       BE         0
                text21                             2432     2432       54         0
                text20                             2326     2326       62         0
                text19                             2576     2576       4A         0
                text18                             23DE     23DE       54         0
                text17                             2172     2172       72         0
                text16                             2074     2074       84         0
                text15                             28AC     28AC       22         0
                text14                             25C0     25C0       44         0
                text13                              47A      47A      2FC         0
                text12                             1AA8     1AA8      112         0
                text11                             1058     1058      2F4         0
                text10                              D64      D64      2F4         0
                text9                              20F8     20F8       7A         0
                text8                                E8       E8      392         0
                text7                              15B6     15B6      1BA         0
                text6                               776      776      2F8         0
                text5                              2486     2486       52         0
                text4                              1770     1770      1A8         0
                text3                              1BBA     1BBA       F8         0
                text2                              2788     2788       3A         0
                text1                               A6E      A6E      2F6         0
                text0                              1F2E     1F2E       B0         0
                cinit                              268A     268A       40         0
                idataCOMRAM                        2A60     2A60        1         0

        CLASS   CONST          

        CLASS   SMALLCONST     

        CLASS   MEDIUMCONST    

        CLASS   COMRAM         
                temp                                 40       40        1         1
                cstackCOMRAM                          1        1       20         1
                dataCOMRAM                           3F       3F        1         1
                bssCOMRAM                            21       21       1B         1
                nvCOMRAM                             3C       3C        3         1

        CLASS   ABS1           

        CLASS   BIGRAM         

        CLASS   RAM            

        CLASS   BANK0          
                cstackBANK0                          BE       BE       3E         1
                bssBANK0                             60       60       5E         1
                nvBANK0                              FC       FC        4         1

        CLASS   BANK1          
                cstackBANK1                         100      100      100         1

        CLASS   BANK2          
                bssBANK2                            200      200       E0         1

        CLASS   BANK3          
                cstackBANK3                         300      300      100         1

        CLASS   BANK4          

        CLASS   BANK5          

        CLASS   BANK6          

        CLASS   BANK7          

        CLASS   BANK8          

        CLASS   BANK9          

        CLASS   BANK10         

        CLASS   BANK11         

        CLASS   BANK12         

        CLASS   BANK13         

        CLASS   BANK14         

        CLASS   SFR            

        CLASS   FARRAM         

        CLASS   CONFIG         
                config                           300000   300000        C         0

        CLASS   IDLOC          
                idloc                            200000   200000       10         0

        CLASS   EEDATA         



SEGMENTS        Name                           Load    Length   Top    Selector   Space  Class

                reset_vec                      000000  000006  000006         0       0  CODE    
                cstackCOMRAM                   000001  000040  000041         1       1  COMRAM  
                intcode                        000008  002A59  002A61         4       0  CODE    
                bssBANK0                       000060  0000A0  000100        60       1  BANK0   
                cstackBANK1                    000100  000100  000200       100       1  BANK1   
                bssBANK2                       000200  0000E0  0002E0       200       1  BANK2   
                cstackBANK3                    000300  000100  000400       300       1  BANK3   
                idloc                          200000  000010  200010    200000       0  IDLOC   
                config                         300000  00000C  30000C    300000       0  CONFIG  


UNUSED ADDRESS RANGES

        Name                Unused          Largest block    Delta
        BANK10           000A00-000AFF              100
        BANK11           000B00-000BFF              100
        BANK12           000C00-000CFF              100
        BANK13           000D00-000DFF              100
        BANK14           000E00-000E7D               7E
        BANK2            0002E0-0002FF               20
        BANK4            000400-0004FF              100
        BANK5            000500-0005FF              100
        BANK6            000600-0006FF              100
        BANK7            000700-0007FF              100
        BANK8            000800-0008FF              100
        BANK9            000900-0009FF              100
        BIGRAM           000041-00005F               1F
                         0002E0-0002FF               20
                         000400-000E7D              A7E
        CODE             000006-000007                2
                         002A61-01FFFF            1D59F
        COMRAM           000041-00005F               1F
        CONST            000006-000007                2
                         002A61-01FFFF            1D59F
        EEDATA           310000-3103FF              400
        MEDIUMCONST      002A61-00FFFF             D59F
                         010F00-01FFFF             F100
        RAM              0002E0-0002FF               20
                         000400-000E7D              100
        SFR              000E7E-000FFF               82
        SMALLCONST       002A61-01FFFF              100
        STACK            000400-000E7D              A7E

                                  Symbol Table

ARDUINO_test_debug@ardDebugVal              cstackBANK0  0000DA
ARDUINO_test_debug@rxBuffer                 cstackBANK0  0000D6
ASLB_cnfg0@rxBuffer                         cstackBANK0  0000BE
ASLB_cnfg1@rxBuffer                         cstackBANK0  0000BE
ASLB_test0@rxBuffer                         cstackBANK0  0000BE
ASLB_test0@rx_index                         cstackCOMRAM 000020
ASLB_test1@ramAddrHigh                      cstackBANK0  0000E8
ASLB_test1@ramAddrLow                       cstackBANK0  0000E9
ASLB_test1@ramData                          cstackBANK0  0000DC
ASLB_test1@ramRdMsg                         cstackBANK0  0000E3
ASLB_test1@ramReadback                      cstackBANK0  0000D8
ASLB_test1@ramWrMsg                         cstackBANK0  0000DD
ASLB_test1@rd_status                        cstackBANK0  0000EB
ASLB_test1@rxBuffer                         cstackBANK0  0000D6
ASLB_test1@rx_index                         cstackBANK0  0000EC
ASLB_test1@wr_status                        cstackBANK0  0000EA
EUSART1_Write@txData                        cstackCOMRAM 000020
I2C1_ISR@i2c_10bit_address_restart          bssCOMRAM    000029
I2C1_ISR@i2c_address                        bssCOMRAM    00003A
I2C1_ISR@i2c_bytes_left                     bssCOMRAM    00002A
I2C1_ISR@pi2c_buf_ptr                       bssBANK0     000067
I2C1_MasterRead@address                     cstackBANK0  0000CA
I2C1_MasterRead@length                      cstackBANK0  0000C9
I2C1_MasterRead@pdata                       cstackBANK0  0000C7
I2C1_MasterRead@pflag                       cstackBANK0  0000CC
I2C1_MasterRead@trBlock                     bssBANK0     0000AF
I2C1_MasterReadTRBBuild@address             cstackBANK0  0000C3
I2C1_MasterReadTRBBuild@length              cstackBANK0  0000C2
I2C1_MasterReadTRBBuild@pdata               cstackBANK0  0000C0
I2C1_MasterReadTRBBuild@ptrb                cstackBANK0  0000BE
I2C1_MasterTRBInsert@count                  cstackBANK0  0000C2
I2C1_MasterTRBInsert@pflag                  cstackBANK0  0000C0
I2C1_MasterTRBInsert@ptrb_list              cstackBANK0  0000BE
I2C1_MasterWrite@address                    cstackBANK0  0000CA
I2C1_MasterWrite@length                     cstackBANK0  0000C9
I2C1_MasterWrite@pdata                      cstackBANK0  0000C7
I2C1_MasterWrite@pflag                      cstackBANK0  0000CC
I2C1_MasterWrite@trBlock                    bssBANK0     0000B4
I2C1_MasterWriteTRBBuild@address            cstackBANK0  0000C3
I2C1_MasterWriteTRBBuild@length             cstackBANK0  0000C2
I2C1_MasterWriteTRBBuild@pdata              cstackBANK0  0000C0
I2C1_MasterWriteTRBBuild@ptrb               cstackBANK0  0000BE
I2C1_Stop@completion_code                   cstackCOMRAM 000003
PIN_MANAGER_Initialize@state                cstackCOMRAM 000020
TMR0_SetInterruptHandler@InterruptHandler   cstackBANK0  0000BE
TMR0_Write16bitTimer@timerVal               cstackBANK0  0000BE
_ANSELA                                     (abs)        000F11
_ANSELB                                     (abs)        000F19
_ANSELC                                     (abs)        000F21
_ANSELD                                     (abs)        000F26
_ANSELE                                     (abs)        000F2E
_ARDUINO_test_debug                         text16       002074
_ASLB_cnfg0                                 text27       002A5C
_ASLB_cnfg1                                 text26       002A5A
_ASLB_test0                                 text15       0028AC
_ASLB_test1                                 text13       00047A
_BAUD1CON                                   (abs)        000F9F
_EUSART1_Initialize                         text40       002648
_EUSART1_Receive_ISR                        text55       002A10
_EUSART1_Transmit_ISR                       text54       0027F8
_EUSART1_Write                              text32       002604
_GIE                                        (abs)        007F97
_HX_Initialize                              text41       002996
_I2C1_BusCollisionISR                       text53       002A5E
_I2C1_FunctionComplete                      text52       00297E
_I2C1_ISR                                   text50       00134C
_I2C1_Initialize                            text39       0026CA
_I2C1_MasterRead                            text21       002432
_I2C1_MasterReadTRBBuild                    text23       002388
_I2C1_MasterTRBInsert                       text22       001E70
_I2C1_MasterWrite                           text18       0023DE
_I2C1_MasterWriteTRBBuild                   text19       002576
_I2C1_Stop                                  text51       00274A
_INTCONbits                                 (abs)        000FF2
_INTERRUPT_Initialize                       text38       002A4E
_INTERRUPT_InterruptManager                 intcode      000008
_LATA                                       (abs)        000F83
_LATAbits                                   (abs)        000F83
_LATB                                       (abs)        000F84
_LATC                                       (abs)        000F85
_LATD                                       (abs)        000F86
_LATE                                       (abs)        000F87
_NVMADRH                                    (abs)        000F7F
_NVMADRL                                    (abs)        000F7E
_NVMCON1bits                                (abs)        000F81
_NVMCON2                                    (abs)        000F82
_NVMDAT                                     (abs)        000F80
_ODCONA                                     (abs)        000F0F
_ODCONB                                     (abs)        000F17
_ODCONC                                     (abs)        000F1F
_ODCOND                                     (abs)        000F24
_ODCONE                                     (abs)        000F2C
_OSCCON1                                    (abs)        000ED8
_OSCCON3                                    (abs)        000EDA
_OSCEN                                      (abs)        000EDC
_OSCFRQ                                     (abs)        000EDE
_OSCILLATOR_Initialize                      text37       0028F0
_OSCTUNE                                    (abs)        000EDD
_PIE0bits                                   (abs)        000EC2
_PIE3bits                                   (abs)        000EC5
_PIN_MANAGER_Initialize                     text36       001CB2
_PIR0bits                                   (abs)        000ECA
_PIR3bits                                   (abs)        000ECD
_PIR7bits                                   (abs)        000ED1
_PORTA                                      (abs)        000F8D
_PORTAbits                                  (abs)        000F8D
_PPSLOCK                                    (abs)        000EA0
_PPSLOCKbits                                (abs)        000EA0
_RB1PPS                                     (abs)        000EF0
_RC1PPS                                     (abs)        000EF8
_RC1REG                                     (abs)        000F99
_RC1STA                                     (abs)        000F9D
_RC1STAbits                                 (abs)        000F9D
_RC2PPS                                     (abs)        000EF9
_RX1PPSbits                                 (abs)        000EB5
_SP1BRGH                                    (abs)        000F9C
_SP1BRGL                                    (abs)        000F9B
_SSP1ADD                                    (abs)        000F93
_SSP1BUF                                    (abs)        000F92
_SSP1CLKPPSbits                             (abs)        000EB7
_SSP1CON1                                   (abs)        000F96
_SSP1CON1bits                               (abs)        000F96
_SSP1CON2bits                               (abs)        000F97
_SSP1CON3                                   (abs)        000F98
_SSP1DATPPSbits                             (abs)        000EB8
_SSP1STAT                                   (abs)        000F95
_SYSTEM_Initialize                          text33       002964
_T0CON0                                     (abs)        000FD5
_T0CON0bits                                 (abs)        000FD5
_T0CON1                                     (abs)        000FD6
_TMR0H                                      (abs)        000FD4
_TMR0L                                      (abs)        000FD3
_TMR0_DefaultInterruptHandler               text48       002A44
_TMR0_ISR                                   text47       0027C2
_TMR0_Initialize                            text34       002528
_TMR0_InterruptHandler                      nvBANK0      0000FC
_TMR0_SetInterruptHandler                   text35       002A20
_TMR0_StartTimer                            text64       002A56
_TMR0_StopTimer                             text31       002A4A
_TMR0_Write16bitTimer                       text30       002A2E
_TRISA                                      (abs)        000F88
_TRISB                                      (abs)        000F89
_TRISC                                      (abs)        000F8A
_TRISD                                      (abs)        000F8B
_TRISE                                      (abs)        000F8C
_TX1REG                                     (abs)        000F9A
_TX1STA                                     (abs)        000F9E
_WPUA                                       (abs)        000F10
_WPUB                                       (abs)        000F18
_WPUC                                       (abs)        000F20
_WPUD                                       (abs)        000F25
_WPUE                                       (abs)        000F2D
__CFG_BOREN$SBORDIS                         (abs)        000000
__CFG_BORV$VBOR_2P45                        (abs)        000000
__CFG_CLKOUTEN$OFF                          (abs)        000000
__CFG_CP$OFF                                (abs)        000000
__CFG_CPD$OFF                               (abs)        000000
__CFG_CSWEN$ON                              (abs)        000000
__CFG_DEBUG$OFF                             (abs)        000000
__CFG_EBTR0$OFF                             (abs)        000000
__CFG_EBTR1$OFF                             (abs)        000000
__CFG_EBTR2$OFF                             (abs)        000000
__CFG_EBTR3$OFF                             (abs)        000000
__CFG_EBTR4$OFF                             (abs)        000000
__CFG_EBTR5$OFF                             (abs)        000000
__CFG_EBTR6$OFF                             (abs)        000000
__CFG_EBTR7$OFF                             (abs)        000000
__CFG_EBTRB$OFF                             (abs)        000000
__CFG_FCMEN$ON                              (abs)        000000
__CFG_FEXTOSC$OFF                           (abs)        000000
__CFG_LPBOREN$OFF                           (abs)        000000
__CFG_LVP$ON                                (abs)        000000
__CFG_MCLRE$EXTMCLR                         (abs)        000000
__CFG_PPS1WAY$ON                            (abs)        000000
__CFG_PWRTE$OFF                             (abs)        000000
__CFG_RSTOSC$HFINTOSC_64MHZ                 (abs)        000000
__CFG_SCANE$ON                              (abs)        000000
__CFG_STVREN$ON                             (abs)        000000
__CFG_WDTCCS$SC                             (abs)        000000
__CFG_WDTCPS$WDTCPS_31                      (abs)        000000
__CFG_WDTCWS$WDTCWS_7                       (abs)        000000
__CFG_WDTE$OFF                              (abs)        000000
__CFG_WRT0$OFF                              (abs)        000000
__CFG_WRT1$OFF                              (abs)        000000
__CFG_WRT2$OFF                              (abs)        000000
__CFG_WRT3$OFF                              (abs)        000000
__CFG_WRT4$OFF                              (abs)        000000
__CFG_WRT5$OFF                              (abs)        000000
__CFG_WRT6$OFF                              (abs)        000000
__CFG_WRT7$OFF                              (abs)        000000
__CFG_WRTB$OFF                              (abs)        000000
__CFG_WRTC$OFF                              (abs)        000000
__CFG_WRTD$OFF                              (abs)        000000
__CFG_XINST$OFF                             (abs)        000000
__CFG_ZCD$OFF                               (abs)        000000
__HRAM                                      (abs)        000000
__Habs1                                     abs1         000000
__Hbank0                                    bank0        000000
__Hbank1                                    bank1        000000
__Hbank10                                   bank10       000000
__Hbank11                                   bank11       000000
__Hbank12                                   bank12       000000
__Hbank13                                   bank13       000000
__Hbank14                                   bank14       000000
__Hbank2                                    bank2        000000
__Hbank3                                    bank3        000000
__Hbank4                                    bank4        000000
__Hbank5                                    bank5        000000
__Hbank6                                    bank6        000000
__Hbank7                                    bank7        000000
__Hbank8                                    bank8        000000
__Hbank9                                    bank9        000000
__Hbigbss                                   bigbss       000000
__Hbigdata                                  bigdata      000000
__Hbigram                                   bigram       000000
__Hbss                                      bss          000000
__HbssBANK0                                 bssBANK0     000000
__HbssBANK2                                 bssBANK2     000000
__HbssCOMRAM                                bssCOMRAM    000000
__Hcinit                                    cinit        000000
__Hclrtext                                  clrtext      000000
__Hcomram                                   comram       000000
__Hconfig                                   config       30000C
__Hconst                                    const        000000
__HcstackBANK0                              cstackBANK0  000000
__HcstackBANK1                              cstackBANK1  000000
__HcstackBANK3                              cstackBANK3  000000
__HcstackCOMRAM                             cstackCOMRAM 000000
__Hdata                                     data         000000
__HdataCOMRAM                               dataCOMRAM   000000
__Heeprom_data                              eeprom_data  000000
__Hfarbss                                   farbss       000000
__Hfardata                                  fardata      000000
__Hibigdata                                 ibigdata     000000
__Hidata                                    idata        000000
__HidataCOMRAM                              idataCOMRAM  000000
__Hidloc                                    idloc        200010
__Hifardata                                 ifardata     000000
__Hinit                                     init         0000E8
__Hintcode                                  intcode      0000E4
__Hintcode_body                             intcode_body 000000
__Hintcodelo                                intcodelo    0000E4
__Hintentry                                 intentry     000000
__Hintret                                   intret       000000
__Hintsave_regs                             intsave_regs 000000
__Hirdata                                   irdata       000000
__Hmediumconst                              mediumconst  000000
__HnvBANK0                                  nvBANK0      000000
__HnvCOMRAM                                 nvCOMRAM     000000
__HnvFARRAM                                 nvFARRAM     000000
__Hnvbit                                    nvbit        000000
__Hnvrram                                   nvrram       000000
__Hparam                                    rparam       000000
__Hpowerup                                  powerup      0000E4
__Hram                                      ram          000000
__Hramtop                                   ramtop       000F00
__Hrbit                                     rbit         000000
__Hrbss                                     rbss         000000
__Hrdata                                    rdata        000000
__Hreset_vec                                reset_vec    000006
__Hrparam                                   rparam       000000
__Hsfr                                      sfr          000000
__Hsmallconst                               smallconst   000000
__Hspace_0                                  (abs)        30000C
__Hspace_1                                  (abs)        000400
__Hspace_2                                  (abs)        000000
__Hstack                                    stack        000000
__Hstruct                                   struct       000000
__Htemp                                     temp         000041
__Htext                                     text         000000
__Htext0                                    text0        000000
__Htext1                                    text1        000000
__Htext10                                   text10       000000
__Htext11                                   text11       000000
__Htext12                                   text12       000000
__Htext13                                   text13       000000
__Htext14                                   text14       000000
__Htext15                                   text15       000000
__Htext16                                   text16       000000
__Htext17                                   text17       000000
__Htext18                                   text18       000000
__Htext19                                   text19       000000
__Htext2                                    text2        000000
__Htext20                                   text20       000000
__Htext21                                   text21       000000
__Htext22                                   text22       000000
__Htext23                                   text23       000000
__Htext24                                   text24       000000
__Htext25                                   text25       000000
__Htext26                                   text26       000000
__Htext27                                   text27       000000
__Htext28                                   text28       000000
__Htext29                                   text29       000000
__Htext3                                    text3        000000
__Htext30                                   text30       000000
__Htext31                                   text31       000000
__Htext32                                   text32       000000
__Htext33                                   text33       000000
__Htext34                                   text34       000000
__Htext35                                   text35       000000
__Htext36                                   text36       000000
__Htext37                                   text37       000000
__Htext38                                   text38       000000
__Htext39                                   text39       000000
__Htext4                                    text4        000000
__Htext40                                   text40       000000
__Htext41                                   text41       000000
__Htext42                                   text42       000000
__Htext43                                   text43       000000
__Htext44                                   text44       000000
__Htext45                                   text45       000000
__Htext47                                   text47       000000
__Htext48                                   text48       000000
__Htext49                                   text49       000000
__Htext5                                    text5        000000
__Htext50                                   text50       000000
__Htext51                                   text51       000000
__Htext52                                   text52       000000
__Htext53                                   text53       000000
__Htext54                                   text54       000000
__Htext55                                   text55       000000
__Htext56                                   text56       000000
__Htext57                                   text57       000000
__Htext58                                   text58       000000
__Htext59                                   text59       000000
__Htext6                                    text6        000000
__Htext60                                   text60       000000
__Htext61                                   text61       000000
__Htext62                                   text62       000000
__Htext63                                   text63       000000
__Htext64                                   text64       000000
__Htext65                                   text65       000000
__Htext66                                   text66       000000
__Htext67                                   text67       000000
__Htext68                                   text68       000000
__Htext69                                   text69       000000
__Htext7                                    text7        000000
__Htext70                                   text70       000000
__Htext8                                    text8        000000
__Htext9                                    text9        000000
__LRAM                                      (abs)        000001
__Labs1                                     abs1         000000
__Lbank0                                    bank0        000000
__Lbank1                                    bank1        000000
__Lbank10                                   bank10       000000
__Lbank11                                   bank11       000000
__Lbank12                                   bank12       000000
__Lbank13                                   bank13       000000
__Lbank14                                   bank14       000000
__Lbank2                                    bank2        000000
__Lbank3                                    bank3        000000
__Lbank4                                    bank4        000000
__Lbank5                                    bank5        000000
__Lbank6                                    bank6        000000
__Lbank7                                    bank7        000000
__Lbank8                                    bank8        000000
__Lbank9                                    bank9        000000
__Lbigbss                                   bigbss       000000
__Lbigdata                                  bigdata      000000
__Lbigram                                   bigram       000000
__Lbss                                      bss          000000
__LbssBANK0                                 bssBANK0     000000
__LbssBANK2                                 bssBANK2     000000
__LbssCOMRAM                                bssCOMRAM    000000
__Lcinit                                    cinit        000000
__Lclrtext                                  clrtext      000000
__Lcomram                                   comram       000000
__Lconfig                                   config       300000
__Lconst                                    const        000000
__LcstackBANK0                              cstackBANK0  000000
__LcstackBANK1                              cstackBANK1  000000
__LcstackBANK3                              cstackBANK3  000000
__LcstackCOMRAM                             cstackCOMRAM 000000
__Ldata                                     data         000000
__LdataCOMRAM                               dataCOMRAM   000000
__Leeprom_data                              eeprom_data  000000
__Lfarbss                                   farbss       000000
__Lfardata                                  fardata      000000
__Libigdata                                 ibigdata     000000
__Lidata                                    idata        000000
__LidataCOMRAM                              idataCOMRAM  000000
__Lidloc                                    idloc        200000
__Lifardata                                 ifardata     000000
__Linit                                     init         0000E4
__Lintcode                                  intcode      000008
__Lintcode_body                             intcode_body 000000
__Lintcodelo                                intcodelo    0000E4
__Lintentry                                 intentry     000000
__Lintret                                   intret       000000
__Lintsave_regs                             intsave_regs 000000
__Lirdata                                   irdata       000000
__Lmediumconst                              mediumconst  000000
__LnvBANK0                                  nvBANK0      000000
__LnvCOMRAM                                 nvCOMRAM     000000
__LnvFARRAM                                 nvFARRAM     000000
__Lnvbit                                    nvbit        000000
__Lnvrram                                   nvrram       000000
__Lparam                                    rparam       000000
__Lpowerup                                  powerup      0000E4
__Lram                                      ram          000000
__Lramtop                                   ramtop       000F00
__Lrbit                                     rbit         000000
__Lrbss                                     rbss         000000
__Lrdata                                    rdata        000000
__Lreset_vec                                reset_vec    000000
__Lrparam                                   rparam       000000
__Lsfr                                      sfr          000000
__Lsmallconst                               smallconst   000000
__Lspace_0                                  (abs)        000000
__Lspace_1                                  (abs)        000000
__Lspace_2                                  (abs)        000000
__Lstack                                    stack        000000
__Lstruct                                   struct       000000
__Ltemp                                     temp         000040
__Ltext                                     text         000000
__Ltext0                                    text0        000000
__Ltext1                                    text1        000000
__Ltext10                                   text10       000000
__Ltext11                                   text11       000000
__Ltext12                                   text12       000000
__Ltext13                                   text13       000000
__Ltext14                                   text14       000000
__Ltext15                                   text15       000000
__Ltext16                                   text16       000000
__Ltext17                                   text17       000000
__Ltext18                                   text18       000000
__Ltext19                                   text19       000000
__Ltext2                                    text2        000000
__Ltext20                                   text20       000000
__Ltext21                                   text21       000000
__Ltext22                                   text22       000000
__Ltext23                                   text23       000000
__Ltext24                                   text24       000000
__Ltext25                                   text25       000000
__Ltext26                                   text26       000000
__Ltext27                                   text27       000000
__Ltext28                                   text28       000000
__Ltext29                                   text29       000000
__Ltext3                                    text3        000000
__Ltext30                                   text30       000000
__Ltext31                                   text31       000000
__Ltext32                                   text32       000000
__Ltext33                                   text33       000000
__Ltext34                                   text34       000000
__Ltext35                                   text35       000000
__Ltext36                                   text36       000000
__Ltext37                                   text37       000000
__Ltext38                                   text38       000000
__Ltext39                                   text39       000000
__Ltext4                                    text4        000000
__Ltext40                                   text40       000000
__Ltext41                                   text41       000000
__Ltext42                                   text42       000000
__Ltext43                                   text43       000000
__Ltext44                                   text44       000000
__Ltext45                                   text45       000000
__Ltext47                                   text47       000000
__Ltext48                                   text48       000000
__Ltext49                                   text49       000000
__Ltext5                                    text5        000000
__Ltext50                                   text50       000000
__Ltext51                                   text51       000000
__Ltext52                                   text52       000000
__Ltext53                                   text53       000000
__Ltext54                                   text54       000000
__Ltext55                                   text55       000000
__Ltext56                                   text56       000000
__Ltext57                                   text57       000000
__Ltext58                                   text58       000000
__Ltext59                                   text59       000000
__Ltext6                                    text6        000000
__Ltext60                                   text60       000000
__Ltext61                                   text61       000000
__Ltext62                                   text62       000000
__Ltext63                                   text63       000000
__Ltext64                                   text64       000000
__Ltext65                                   text65       000000
__Ltext66                                   text66       000000
__Ltext67                                   text67       000000
__Ltext68                                   text68       000000
__Ltext69                                   text69       000000
__Ltext7                                    text7        000000
__Ltext70                                   text70       000000
__Ltext8                                    text8        000000
__Ltext9                                    text9        000000
__S0                                        (abs)        30000C
__S1                                        (abs)        000400
__S2                                        (abs)        000000
___inthi_sp                                 stack        000000
___intlo_sp                                 stack        000000
___param_bank                               (abs)        000000
___rparam_used                              (abs)        000001
___sp                                       stack        000000
__accesstop                                 (abs)        000060
__activetblptr                              (abs)        000003
__end_of_ARDUINO_test_debug                 text16       0020F8
__end_of_ASLB_cnfg0                         text27       002A5E
__end_of_ASLB_cnfg1                         text26       002A5C
__end_of_ASLB_test0                         text15       0028CE
__end_of_ASLB_test1                         text13       000776
__end_of_EUSART1_Initialize                 text40       00268A
__end_of_EUSART1_Receive_ISR                text55       002A20
__end_of_EUSART1_Transmit_ISR               text54       00282C
__end_of_EUSART1_Write                      text32       002648
__end_of_HX_Initialize                      text41       0029AC
__end_of_I2C1_BusCollisionISR               text53       002A60
__end_of_I2C1_FunctionComplete              text52       002996
__end_of_I2C1_ISR                           text50       0015B6
__end_of_I2C1_Initialize                    text39       00270A
__end_of_I2C1_MasterRead                    text21       002486
__end_of_I2C1_MasterReadTRBBuild            text23       0023DE
__end_of_I2C1_MasterTRBInsert               text22       001F2E
__end_of_I2C1_MasterWrite                   text18       002432
__end_of_I2C1_MasterWriteTRBBuild           text19       0025C0
__end_of_I2C1_Stop                          text51       002788
__end_of_INTERRUPT_Initialize               text38       002A52
__end_of_INTERRUPT_InterruptManager         intcode      0000E4
__end_of_OSCILLATOR_Initialize              text37       002910
__end_of_PIN_MANAGER_Initialize             text36       001D9A
__end_of_SYSTEM_Initialize                  text33       00297E
__end_of_TMR0_DefaultInterruptHandler       text48       002A4A
__end_of_TMR0_ISR                           text47       0027F8
__end_of_TMR0_Initialize                    text34       002576
__end_of_TMR0_SetInterruptHandler           text35       002A2E
__end_of_TMR0_StartTimer                    text64       002A5A
__end_of_TMR0_StopTimer                     text31       002A4E
__end_of_TMR0_Write16bitTimer               text30       002A3A
__end_of__initialization                    cinit        0026C0
__end_of_calcChecksum                       text14       002604
__end_of_hxCalcChecksum                     text69       00285A
__end_of_hxClearArray                       text45       002886
__end_of_hxCmdFilter                        text59       001AA8
__end_of_hxFlushInputBuffer                 text44       0028F0
__end_of_hxFlushMainDataBuffer              text43       002948
__end_of_hxFlushOutputBuffer                text42       00292C
__end_of_hxHandleTmr0                       text49       00274A
__end_of_hxHandleTxUART                     text28       002326
__end_of_hxISRHandle                        text56       001E70
__end_of_hxOddParityCalc                    text9        002172
__end_of_hxSPPCarbonCheckBusy_test          text8        00047A
__end_of_hxSPPCarbonProgram_test            text7        001770
__end_of_hxSPPCarbonReadReg_test            text6        000A6E
__end_of_hxSPPCarbonRead_test               text5        0024D8
__end_of_hxSPPCarbonWriteAndVerity_test     text3        001CB2
__end_of_hxSPPCarbonWriteReg_test           text4        001918
__end_of_hxSPPCarbonWrite_test              text2        0027C2
__end_of_hxSetupPacket1                     text66       002528
__end_of_hxSetupPacket2                     text65       0022C2
__end_of_hxStartTimer                       text62       002A10
__end_of_hxStopTimer                        text29       0029EC
__end_of_main                               text0        001FDE
__end_of_readI2C                            text20       002388
__end_of_run_ASLBoron                       text11       00134C
__end_of_run_I2C                            text10       001058
__end_of_run_SPPCarbon_test                 text1        000D64
__end_of_writeI2C                           text17       0021E4
__end_of_write_ASLBoron_cnfg                text25       002256
__end_of_write_ASLBoron_cstm_cnfg           text24       002074
__end_of_write_ASLBoron_test                text12       001BBA
__end_ofi2_TMR0_StopTimer                   text58       002A56
__end_ofi2_TMR0_Write16bitTimer             text63       002A44
__end_ofi2_hxClearArray                     text68       0028AC
__end_ofi2_hxFlushInputBuffer               text61       002964
__end_ofi2_hxFlushMainDataBuffer            text60       0029C2
__end_ofi2_hxFlushOutputBuffer              text67       0029D8
__end_ofi2_hxStopTimer                      text57       0029FE
__initialization                            cinit        00268A
__mediumconst                               mediumconst  000000
__pbssBANK0                                 bssBANK0     000060
__pbssBANK2                                 bssBANK2     000200
__pbssCOMRAM                                bssCOMRAM    000021
__pcinit                                    cinit        00268A
__pcstackBANK0                              cstackBANK0  0000BE
__pcstackBANK1                              cstackBANK1  000100
__pcstackBANK3                              cstackBANK3  000300
__pcstackCOMRAM                             cstackCOMRAM 000001
__pdataCOMRAM                               dataCOMRAM   00003F
__pidataCOMRAM                              idataCOMRAM  002A60
__pintcode                                  intcode      000008
__pnvBANK0                                  nvBANK0      0000FC
__pnvCOMRAM                                 nvCOMRAM     00003C
__ptext0                                    text0        001F2E
__ptext1                                    text1        000A6E
__ptext10                                   text10       000D64
__ptext11                                   text11       001058
__ptext12                                   text12       001AA8
__ptext13                                   text13       00047A
__ptext14                                   text14       0025C0
__ptext15                                   text15       0028AC
__ptext16                                   text16       002074
__ptext17                                   text17       002172
__ptext18                                   text18       0023DE
__ptext19                                   text19       002576
__ptext2                                    text2        002788
__ptext20                                   text20       002326
__ptext21                                   text21       002432
__ptext22                                   text22       001E70
__ptext23                                   text23       002388
__ptext24                                   text24       001FDE
__ptext25                                   text25       0021E4
__ptext26                                   text26       002A5A
__ptext27                                   text27       002A5C
__ptext28                                   text28       0022C2
__ptext29                                   text29       0029D8
__ptext3                                    text3        001BBA
__ptext30                                   text30       002A2E
__ptext31                                   text31       002A4A
__ptext32                                   text32       002604
__ptext33                                   text33       002964
__ptext34                                   text34       002528
__ptext35                                   text35       002A20
__ptext36                                   text36       001CB2
__ptext37                                   text37       0028F0
__ptext38                                   text38       002A4E
__ptext39                                   text39       0026CA
__ptext4                                    text4        001770
__ptext40                                   text40       002648
__ptext41                                   text41       002996
__ptext42                                   text42       002910
__ptext43                                   text43       00292C
__ptext44                                   text44       0028CE
__ptext45                                   text45       00285A
__ptext47                                   text47       0027C2
__ptext48                                   text48       002A44
__ptext49                                   text49       00270A
__ptext5                                    text5        002486
__ptext50                                   text50       00134C
__ptext51                                   text51       00274A
__ptext52                                   text52       00297E
__ptext53                                   text53       002A5E
__ptext54                                   text54       0027F8
__ptext55                                   text55       002A10
__ptext56                                   text56       001D9A
__ptext57                                   text57       0029EC
__ptext58                                   text58       002A52
__ptext59                                   text59       001918
__ptext6                                    text6        000776
__ptext60                                   text60       0029AC
__ptext61                                   text61       002948
__ptext62                                   text62       0029FE
__ptext63                                   text63       002A3A
__ptext64                                   text64       002A56
__ptext65                                   text65       002256
__ptext66                                   text66       0024D8
__ptext67                                   text67       0029C2
__ptext68                                   text68       002886
__ptext69                                   text69       00282C
__ptext7                                    text7        0015B6
__ptext70                                   text70       000000
__ptext8                                    text8        0000E8
__ptext9                                    text9        0020F8
__ramtop                                    ramtop       000F00
__size_of_ARDUINO_test_debug                (abs)        000000
__size_of_ASLB_cnfg0                        (abs)        000000
__size_of_ASLB_cnfg1                        (abs)        000000
__size_of_ASLB_test0                        (abs)        000000
__size_of_ASLB_test1                        (abs)        000000
__size_of_EUSART1_Initialize                (abs)        000000
__size_of_EUSART1_Receive_ISR               (abs)        000000
__size_of_EUSART1_Transmit_ISR              (abs)        000000
__size_of_EUSART1_Write                     (abs)        000000
__size_of_HX_Initialize                     (abs)        000000
__size_of_I2C1_BusCollisionISR              (abs)        000000
__size_of_I2C1_FunctionComplete             (abs)        000000
__size_of_I2C1_ISR                          (abs)        000000
__size_of_I2C1_Initialize                   (abs)        000000
__size_of_I2C1_MasterRead                   (abs)        000000
__size_of_I2C1_MasterReadTRBBuild           (abs)        000000
__size_of_I2C1_MasterTRBInsert              (abs)        000000
__size_of_I2C1_MasterWrite                  (abs)        000000
__size_of_I2C1_MasterWriteTRBBuild          (abs)        000000
__size_of_I2C1_Stop                         (abs)        000000
__size_of_INTERRUPT_Initialize              (abs)        000000
__size_of_INTERRUPT_InterruptManager        (abs)        000000
__size_of_OSCILLATOR_Initialize             (abs)        000000
__size_of_PIN_MANAGER_Initialize            (abs)        000000
__size_of_SYSTEM_Initialize                 (abs)        000000
__size_of_TMR0_DefaultInterruptHandler      (abs)        000000
__size_of_TMR0_ISR                          (abs)        000000
__size_of_TMR0_Initialize                   (abs)        000000
__size_of_TMR0_SetInterruptHandler          (abs)        000000
__size_of_TMR0_StartTimer                   (abs)        000000
__size_of_TMR0_StopTimer                    (abs)        000000
__size_of_TMR0_Write16bitTimer              (abs)        000000
__size_of_calcChecksum                      (abs)        000000
__size_of_hxCalcChecksum                    (abs)        000000
__size_of_hxClearArray                      (abs)        000000
__size_of_hxCmdFilter                       (abs)        000000
__size_of_hxFlushInputBuffer                (abs)        000000
__size_of_hxFlushMainDataBuffer             (abs)        000000
__size_of_hxFlushOutputBuffer               (abs)        000000
__size_of_hxHandleTmr0                      (abs)        000000
__size_of_hxHandleTxUART                    (abs)        000000
__size_of_hxISRHandle                       (abs)        000000
__size_of_hxOddParityCalc                   (abs)        000000
__size_of_hxSPPCarbonCheckBusy_test         (abs)        000000
__size_of_hxSPPCarbonProgram_test           (abs)        000000
__size_of_hxSPPCarbonReadReg_test           (abs)        000000
__size_of_hxSPPCarbonRead_test              (abs)        000000
__size_of_hxSPPCarbonWriteAndVerity_test    (abs)        000000
__size_of_hxSPPCarbonWriteReg_test          (abs)        000000
__size_of_hxSPPCarbonWrite_test             (abs)        000000
__size_of_hxSetupPacket1                    (abs)        000000
__size_of_hxSetupPacket2                    (abs)        000000
__size_of_hxStartTimer                      (abs)        000000
__size_of_hxStopTimer                       (abs)        000000
__size_of_main                              (abs)        000000
__size_of_readI2C                           (abs)        000000
__size_of_run_ASLBoron                      (abs)        000000
__size_of_run_I2C                           (abs)        000000
__size_of_run_SPPCarbon_test                (abs)        000000
__size_of_writeI2C                          (abs)        000000
__size_of_write_ASLBoron_cnfg               (abs)        000000
__size_of_write_ASLBoron_cstm_cnfg          (abs)        000000
__size_of_write_ASLBoron_test               (abs)        000000
__size_ofi2_TMR0_StopTimer                  (abs)        000000
__size_ofi2_TMR0_Write16bitTimer            (abs)        000000
__size_ofi2_hxClearArray                    (abs)        000000
__size_ofi2_hxFlushInputBuffer              (abs)        000000
__size_ofi2_hxFlushMainDataBuffer           (abs)        000000
__size_ofi2_hxFlushOutputBuffer             (abs)        000000
__size_ofi2_hxStopTimer                     (abs)        000000
__smallconst                                smallconst   000000
_boronRxPkt                                 bssBANK2     000240
_boronRxPktIndex                            bssBANK0     00006C
_boronTxPkt                                 bssBANK2     000250
_boronTxPktIndex                            bssBANK0     00006D
_calcChecksum                               text14       0025C0
_eeprom_currAddr                            bssCOMRAM    000025
_eusart1RxCount                             bssBANK0     000069
_eusart1RxHead                              bssBANK0     00006B
_eusart1RxTail                              bssBANK0     00006A
_eusart1TxBuffer                            bssBANK2     000200
_eusart1TxBufferRemaining                   nvBANK0      0000FF
_eusart1TxHead                              bssCOMRAM    000028
_eusart1TxTail                              bssCOMRAM    000027
_hxCalcChecksum                             text69       00282C
_hxClearArray                               text45       00285A
_hxCmdFilter                                text59       001918
_hxFlushInputBuffer                         text44       0028CE
_hxFlushMainDataBuffer                      text43       00292C
_hxFlushOutputBuffer                        text42       002910
_hxHandleTmr0                               text49       00270A
_hxHandleTmr0$263                           cstackCOMRAM 000009
_hxHandleTxUART                             text28       0022C2
_hxISRHandle                                text56       001D9A
_hxOddParityCalc                            text9        0020F8
_hxSPPCarbonCheckBusy_test                  text8        0000E8
_hxSPPCarbonProgram_test                    text7        0015B6
_hxSPPCarbonReadReg_test                    text6        000776
_hxSPPCarbonRead_test                       text5        002486
_hxSPPCarbonWriteAndVerity_test             text3        001BBA
_hxSPPCarbonWriteReg_test                   text4        001770
_hxSPPCarbonWrite_test                      text2        002788
_hxSetupPacket1                             text66       0024D8
_hxSetupPacket2                             text65       002256
_hxStartTimer                               text62       0029FE
_hxStopTimer                                text29       0029D8
_hx_abort                                   bssBANK0     00006E
_hx_checksum                                bssCOMRAM    000036
_hx_debugVar                                bssCOMRAM    000032
_hx_inData                                  bssBANK2     000260
_hx_inDataIndex                             bssCOMRAM    000037
_hx_mainData                                bssBANK0     000072
_hx_mainDataIndex                           bssCOMRAM    000038
_hx_outData                                 bssBANK2     0002A0
_hx_outDataIndex                            bssCOMRAM    000039
_hx_pcCmd                                   bssCOMRAM    000035
_hx_pktCmd                                  bssBANK0     000071
_hx_pktState                                bssCOMRAM    000034
_hx_rxFullPktFlag                           bssCOMRAM    000033
_hx_rxOverflowFlag                          bssBANK0     00006F
_hx_startMain                               bssBANK0     000070
_hx_state                                   nvCOMRAM     00003E
_hx_txPacketFlag                            dataCOMRAM   00003F
_i2c1_object                                bssBANK0     000060
_i2c1_state                                 bssCOMRAM    00002C
_i2c1_tr_queue                              bssBANK0     0000B9
_i2c1_trb_count                             bssCOMRAM    00002B
_main                                       text0        001F2E
_p_i2c1_current                             bssCOMRAM    000021
_p_i2c1_trb_current                         bssCOMRAM    000023
_readI2C                                    text20       002326
_run_ASLBoron                               text11       001058
_run_ASLBoron$863                           cstackBANK1  000103
_run_ASLBoron$864                           cstackBANK1  000105
_run_I2C                                    text10       000D64
_run_SPPCarbon_test                         text1        000A6E
_timer0ReloadVal16bit                       nvCOMRAM     00003C
_writeI2C                                   text17       002172
_write_ASLBoron_cnfg                        text25       0021E4
_write_ASLBoron_cstm_cnfg                   text24       001FDE
_write_ASLBoron_test                        text12       001AA8
btemp                                       temp         000040
calcChecksum@data                           cstackBANK0  0000BE
calcChecksum@i                              cstackBANK0  0000C1
calcChecksum@size                           cstackBANK0  0000C0
calcChecksum@temp_checksum                  cstackBANK0  0000C2
end_of_initialization                       cinit        0026C0
hxCalcChecksum@data                         cstackCOMRAM 000001
hxCalcChecksum@i                            cstackCOMRAM 000004
hxCalcChecksum@size                         cstackCOMRAM 000003
hxCalcChecksum@temp_checksum                cstackCOMRAM 000005
hxClearArray@arr                            cstackBANK0  0000BE
hxClearArray@i                              cstackCOMRAM 000020
hxClearArray@size                           cstackBANK0  0000C0
hxCmdFilter@i                               cstackCOMRAM 000009
hxHandleTxUART@i                            cstackBANK0  0000C4
hxISRHandle@currentByteCounter              bssCOMRAM    000031
hxISRHandle@data                            cstackCOMRAM 000011
hxISRHandle@pktSize                         bssCOMRAM    00002E
hxISRHandle@rxHxCmdFlag                     bssCOMRAM    00002F
hxISRHandle@rxHxPktFlag                     bssCOMRAM    00002D
hxISRHandle@rxPktSizeFlag                   bssCOMRAM    000030
hxOddParityCalc@buff                        cstackBANK0  0000BE
hxOddParityCalc@i                           cstackBANK0  0000C1
hxOddParityCalc@j                           cstackBANK0  0000C2
hxOddParityCalc@parity                      cstackBANK0  0000C3
hxOddParityCalc@size                        cstackBANK0  0000C0
hxOddParityCalc@temp                        cstackBANK0  0000C4
hxSPPCarbonCheckBusy_test@bitVal            cstackBANK0  0000D5
hxSPPCarbonCheckBusy_test@i                 cstackBANK0  0000D1
hxSPPCarbonCheckBusy_test@i_770             cstackBANK0  0000D3
hxSPPCarbonCheckBusy_test@j                 cstackBANK0  0000D0
hxSPPCarbonCheckBusy_test@j_769             cstackBANK0  0000D2
hxSPPCarbonCheckBusy_test@j_771             cstackBANK0  0000D4
hxSPPCarbonCheckBusy_test@numRX             cstackBANK0  0000C5
hxSPPCarbonCheckBusy_test@numTX             cstackBANK0  0000CC
hxSPPCarbonCheckBusy_test@oddParityCalc     cstackBANK0  0000CF
hxSPPCarbonCheckBusy_test@portAVal          cstackBANK0  0000D6
hxSPPCarbonCheckBusy_test@readbackCommState cstackBANK0  0000D7
hxSPPCarbonCheckBusy_test@readbackTimer     cstackBANK0  0000CD
hxSPPCarbonCheckBusy_test@rxBuffer          cstackBANK0  0000C8
hxSPPCarbonCheckBusy_test@tempByte          cstackBANK0  0000D8
hxSPPCarbonCheckBusy_test@txBuffer          cstackBANK0  0000C6
hxSPPCarbonProgram_test@i                   cstackBANK0  0000CC
hxSPPCarbonProgram_test@j                   cstackBANK0  0000CB
hxSPPCarbonProgram_test@j_755               cstackBANK0  0000CD
hxSPPCarbonProgram_test@numTX               cstackBANK0  0000C9
hxSPPCarbonProgram_test@oddParityCalc       cstackBANK0  0000CA
hxSPPCarbonProgram_test@rxBuffer            cstackBANK0  0000C7
hxSPPCarbonProgram_test@tempByte            cstackBANK0  0000CE
hxSPPCarbonProgram_test@txBuffer            cstackBANK0  0000C5
hxSPPCarbonReadReg_test@bitVal              cstackBANK0  0000D4
hxSPPCarbonReadReg_test@i                   cstackBANK0  0000D0
hxSPPCarbonReadReg_test@i_736               cstackBANK0  0000D2
hxSPPCarbonReadReg_test@j                   cstackBANK0  0000CF
hxSPPCarbonReadReg_test@j_735               cstackBANK0  0000D1
hxSPPCarbonReadReg_test@j_737               cstackBANK0  0000D3
hxSPPCarbonReadReg_test@numRX               cstackBANK0  0000C5
hxSPPCarbonReadReg_test@numTX               cstackBANK0  0000CB
hxSPPCarbonReadReg_test@oddParityCalc       cstackBANK0  0000CE
hxSPPCarbonReadReg_test@portAVal            cstackBANK0  0000CA
hxSPPCarbonReadReg_test@readbackCommState   cstackBANK0  0000D6
hxSPPCarbonReadReg_test@readbackTimer       cstackBANK0  0000CC
hxSPPCarbonReadReg_test@rxBuffer            cstackBANK0  0000C8
hxSPPCarbonReadReg_test@tempByte            cstackBANK0  0000D7
hxSPPCarbonReadReg_test@tempHxState         cstackBANK0  0000D5
hxSPPCarbonReadReg_test@txBuffer            cstackBANK0  0000C6
hxSPPCarbonRead_test@numRX                  cstackBANK0  0000D8
hxSPPCarbonRead_test@numTX                  cstackBANK0  0000DD
hxSPPCarbonRead_test@returnValue            cstackBANK0  0000DE
hxSPPCarbonRead_test@rxBuffer               cstackBANK0  0000DB
hxSPPCarbonRead_test@txBuffer               cstackBANK0  0000D9
hxSPPCarbonWriteAndVerity_test@i            cstackBANK0  0000E0
hxSPPCarbonWriteAndVerity_test@numTX        cstackBANK0  0000DF
hxSPPCarbonWriteAndVerity_test@returnValue  cstackBANK0  0000DE
hxSPPCarbonWriteAndVerity_test@rxBuffer     cstackBANK0  0000DA
hxSPPCarbonWriteAndVerity_test@tempValue    cstackBANK0  0000E1
hxSPPCarbonWriteAndVerity_test@txBuffer     cstackBANK0  0000D8
hxSPPCarbonWriteReg_test@i                  cstackBANK0  0000CB
hxSPPCarbonWriteReg_test@j                  cstackBANK0  0000CA
hxSPPCarbonWriteReg_test@j_746              cstackBANK0  0000CC
hxSPPCarbonWriteReg_test@numTX              cstackBANK0  0000C7
hxSPPCarbonWriteReg_test@oddParityCalc      cstackBANK0  0000C9
hxSPPCarbonWriteReg_test@tempByte           cstackBANK0  0000CD
hxSPPCarbonWriteReg_test@tempHxState        cstackBANK0  0000C8
hxSPPCarbonWriteReg_test@txBuffer           cstackBANK0  0000C5
hxSPPCarbonWrite_test@numTX                 cstackBANK0  0000D2
hxSPPCarbonWrite_test@returnValue           cstackBANK0  0000D3
hxSPPCarbonWrite_test@rxBuffer              cstackBANK0  0000D0
hxSPPCarbonWrite_test@txBuffer              cstackBANK0  0000CE
hxSetupPacket1@data                         cstackCOMRAM 000006
hxSetupPacket1@pc_cmd                       cstackCOMRAM 000008
hxSetupPacket2@i                            cstackCOMRAM 000008
hxSetupPacket2@pc_cmd                       cstackCOMRAM 000007
hxStartTimer@timerVal                       cstackCOMRAM 000003
i2TMR0_Write16bitTimer@timerVal             cstackCOMRAM 000001
i2_TMR0_StopTimer                           text58       002A52
i2_TMR0_Write16bitTimer                     text63       002A3A
i2_hxClearArray                             text68       002886
i2_hxFlushInputBuffer                       text61       002948
i2_hxFlushMainDataBuffer                    text60       0029AC
i2_hxFlushOutputBuffer                      text67       0029C2
i2_hxStopTimer                              text57       0029EC
i2hxClearArray@arr                          cstackCOMRAM 000001
i2hxClearArray@i                            cstackCOMRAM 000004
i2hxClearArray@size                         cstackCOMRAM 000003
int$flags                                   temp         000040
intlevel0                                   text         000000
intlevel1                                   text         000000
intlevel2                                   text         000000
intlevel3                                   text         000000
readI2C@numOfRx                             cstackBANK0  0000D0
readI2C@rxData                              cstackBANK0  0000CE
readI2C@slaveAddr                           cstackBANK0  0000D1
readI2C@status                              cstackBANK0  0000D5
readI2C@timeOut                             cstackBANK0  0000D3
run_ASLBoron@calc_checksum                  cstackBANK1  00010C
run_ASLBoron@checksum                       cstackBANK1  00010B
run_ASLBoron@cnfg_arr                       cstackBANK3  000300
run_ASLBoron@cnfg_cnt                       cstackBANK1  00010E
run_ASLBoron@cnfg_run                       cstackBANK1  00010A
run_ASLBoron@data_index                     cstackBANK1  000110
run_ASLBoron@hx_inData                      cstackBANK0  0000F9
run_ASLBoron@i                              cstackBANK1  00010D
run_ASLBoron@mode_run                       cstackBANK1  00010F
run_ASLBoron@rpt_run                        cstackBANK1  000107
run_ASLBoron@size                           cstackBANK0  0000FB
run_ASLBoron@test_run                       cstackBANK1  000109
run_I2C@calc_checksum                       cstackBANK0  0000E1
run_I2C@checksum                            cstackBANK0  0000E0
run_I2C@data_index                          cstackBANK0  0000E7
[...]
      Locals:         1       0       0       0       0       0       0       0       0       0       0       0       0       0       0       0
      Temps:          0       0       0       0       0       0       0       0       0       0       0       0       0       0       0       0
      Totals:         1       0       0       0       0       0       0       0       0       0       0       0       0       0       0       0
Total ram usage:        1 bytes
 Hardware stack levels used:    1
 Hardware stack levels required when called:    3
 This function calls:
		_hxSetupPacket1
		_hxSetupPacket2
		_hxStartTimer
		i2_hxFlushInputBuffer
		i2_hxFlushMainDataBuffer
		i2_hxFlushOutputBuffer
 This function is called by:
		_hxISRHandle
 This function uses a non-reentrant model


 *************** function i2_hxFlushMainDataBuffer *****************
 Defined at:
		line 285 in file "HX_CommInterface.c"
 Parameters:    Size  Location     Type
		None
 Auto vars:     Size  Location     Type
		None
 Return value:  Size  Location     Type
                  1    wreg      void 
 Registers used:
		wreg, fsr2l, fsr2h, status,2, status,0, prodl, prodh, cstack
 Tracked objects:
		On entry : 
		On exit  : 
		Unchanged: 
 Data sizes:     COMRAM   BANK0   BANK1   BANK2   BANK3   BANK4   BANK5   BANK6   BANK7   BANK8   BANK9  BANK10  BANK11  BANK12  BANK13  BANK14
      Params:         0       0       0       0       0       0       0       0       0       0       0       0       0       0       0       0
      Locals:         0       0       0       0       0       0       0       0       0       0       0       0       0       0       0       0
      Temps:          0       0       0       0       0       0       0       0       0       0       0       0       0       0       0       0
      Totals:         0       0       0       0       0       0       0       0       0       0       0       0       0       0       0       0
Total ram usage:        0 bytes
 Hardware stack levels used:    1
 Hardware stack levels required when called:    1
 This function calls:
		i2_hxClearArray
 This function is called by:
		_hxCmdFilter
 This function uses a non-reentrant model


 *************** function i2_hxFlushInputBuffer *****************
 Defined at:
		line 272 in file "HX_CommInterface.c"
 Parameters:    Size  Location     Type
		None
 Auto vars:     Size  Location     Type
		None
 Return value:  Size  Location     Type
                  1    wreg      void 
 Registers used:
		wreg, fsr2l, fsr2h, status,2, status,0, prodl, prodh, cstack
 Tracked objects:
		On entry : 
		On exit  : 
		Unchanged: 
 Data sizes:     COMRAM   BANK0   BANK1   BANK2   BANK3   BANK4   BANK5   BANK6   BANK7   BANK8   BANK9  BANK10  BANK11  BANK12  BANK13  BANK14
      Params:         0       0       0       0       0       0       0       0       0       0       0       0       0       0       0       0
      Locals:         0       0       0       0       0       0       0       0       0       0       0       0       0       0       0       0
      Temps:          0       0       0       0       0       0       0       0       0       0       0       0       0       0       0       0
      Totals:         0       0       0       0       0       0       0       0       0       0       0       0       0       0       0       0
Total ram usage:        0 bytes
 Hardware stack levels used:    1
 Hardware stack levels required when called:    1
 This function calls:
		i2_hxClearArray
 This function is called by:
		_hxISRHandle
		_hxCmdFilter
		_hxHandleTmr0
 This function uses a non-reentrant model


 *************** function _hxStartTimer *****************
 Defined at:
		line 260 in file "HX_CommInterface.c"
 Parameters:    Size  Location     Type
  timerVal        2    2[COMRAM] unsigned int 
 Auto vars:     Size  Location     Type
		None
 Return value:  Size  Location     Type
                  1    wreg      void 
 Registers used:
		wreg, status,2, cstack
 Tracked objects:
		On entry : 
		On exit  : 
		Unchanged: 
 Data sizes:     COMRAM   BANK0   BANK1   BANK2   BANK3   BANK4   BANK5   BANK6   BANK7   BANK8   BANK9  BANK10  BANK11  BANK12  BANK13  BANK14
      Params:         2       0       0       0       0       0       0       0       0       0       0       0       0       0       0       0
      Locals:         0       0       0       0       0       0       0       0       0       0       0       0       0       0       0       0
      Temps:          0       0       0       0       0       0       0       0       0       0       0       0       0       0       0       0
      Totals:         2       0       0       0       0       0       0       0       0       0       0       0       0       0       0       0
Total ram usage:        2 bytes
 Hardware stack levels used:    1
 Hardware stack levels required when called:    1
 This function calls:
		_TMR0_StartTimer
		i2_TMR0_Write16bitTimer
 This function is called by:
		_hxISRHandle
		_hxCmdFilter
 This function uses a non-reentrant model


 *************** function i2_TMR0_Write16bitTimer *****************
 Defined at:
		line 119 in file "mcc_generated_files/tmr0.c"
 Parameters:    Size  Location     Type
  timerVal        2    0[COMRAM] unsigned int 
 Auto vars:     Size  Location     Type
		None
 Return value:  Size  Location     Type
                  1    wreg      void 
 Registers used:
		wreg, status,2
 Tracked objects:
		On entry : 
		On exit  : 
		Unchanged: 
 Data sizes:     COMRAM   BANK0   BANK1   BANK2   BANK3   BANK4   BANK5   BANK6   BANK7   BANK8   BANK9  BANK10  BANK11  BANK12  BANK13  BANK14
      Params:         2       0       0       0       0       0       0       0       0       0       0       0       0       0       0       0
      Locals:         0       0       0       0       0       0       0       0       0       0       0       0       0       0       0       0
      Temps:          0       0       0       0       0       0       0       0       0       0       0       0       0       0       0       0
      Totals:         2       0       0       0       0       0       0       0       0       0       0       0       0       0       0       0
Total ram usage:        2 bytes
 Hardware stack levels used:    1
 This function calls:
		Nothing
 This function is called by:
		_hxStartTimer
		i2_hxStopTimer
 This function uses a non-reentrant model


 *************** function _TMR0_StartTimer *****************
 Defined at:
		line 94 in file "mcc_generated_files/tmr0.c"
 Parameters:    Size  Location     Type
		None
 Auto vars:     Size  Location     Type
		None
 Return value:  Size  Location     Type
                  1    wreg      void 
 Registers used:
		None
 Tracked objects:
		On entry : 
		On exit  : 
		Unchanged: 
 Data sizes:     COMRAM   BANK0   BANK1   BANK2   BANK3   BANK4   BANK5   BANK6   BANK7   BANK8   BANK9  BANK10  BANK11  BANK12  BANK13  BANK14
      Params:         0       0       0       0       0       0       0       0       0       0       0       0       0       0       0       0
      Locals:         0       0       0       0       0       0       0       0       0       0       0       0       0       0       0       0
      Temps:          0       0       0       0       0       0       0       0       0       0       0       0       0       0       0       0
      Totals:         0       0       0       0       0       0       0       0       0       0       0       0       0       0       0       0
Total ram usage:        0 bytes
 Hardware stack levels used:    1
 This function calls:
		Nothing
 This function is called by:
		_hxStartTimer
 This function uses a non-reentrant model


 *************** function _hxSetupPacket2 *****************
 Defined at:
		line 216 in file "HX_CommInterface.c"
 Parameters:    Size  Location     Type
  pc_cmd          1    wreg     unsigned char 
 Auto vars:     Size  Location     Type
  pc_cmd          1    6[COMRAM] unsigned char 
  i               1    7[COMRAM] unsigned char 
 Return value:  Size  Location     Type
                  1    wreg      void 
 Registers used:
		wreg, fsr1l, fsr1h, fsr2l, fsr2h, status,2, status,0, prodl, prodh, cstack
 Tracked objects:
		On entry : 
		On exit  : 
		Unchanged: 
 Data sizes:     COMRAM   BANK0   BANK1   BANK2   BANK3   BANK4   BANK5   BANK6   BANK7   BANK8   BANK9  BANK10  BANK11  BANK12  BANK13  BANK14
      Params:         0       0       0       0       0       0       0       0       0       0       0       0       0       0       0       0
      Locals:         2       0       0       0       0       0       0       0       0       0       0       0       0       0       0       0
      Temps:          1       0       0       0       0       0       0       0       0       0       0       0       0       0       0       0
      Totals:         3       0       0       0       0       0       0       0       0       0       0       0       0       0       0       0
Total ram usage:        3 bytes
 Hardware stack levels used:    1
 Hardware stack levels required when called:    1
 This function calls:
		_hxCalcChecksum
 This function is called by:
		_hxCmdFilter
 This function uses a non-reentrant model


 *************** function _hxSetupPacket1 *****************
 Defined at:
		line 207 in file "HX_CommInterface.c"
 Parameters:    Size  Location     Type
  pc_cmd          1    wreg     unsigned char 
  data            1    5[COMRAM] unsigned char 
 Auto vars:     Size  Location     Type
  pc_cmd          1    7[COMRAM] unsigned char 
 Return value:  Size  Location     Type
                  1    wreg      void 
 Registers used:
		wreg, fsr2l, fsr2h, status,2, status,0, prodl, prodh, cstack
 Tracked objects:
		On entry : 
		On exit  : 
		Unchanged: 
 Data sizes:     COMRAM   BANK0   BANK1   BANK2   BANK3   BANK4   BANK5   BANK6   BANK7   BANK8   BANK9  BANK10  BANK11  BANK12  BANK13  BANK14
      Params:         1       0       0       0       0       0       0       0       0       0       0       0       0       0       0       0
      Locals:         1       0       0       0       0       0       0       0       0       0       0       0       0       0       0       0
      Temps:          1       0       0       0       0       0       0       0       0       0       0       0       0       0       0       0
      Totals:         3       0       0       0       0       0       0       0       0       0       0       0       0       0       0       0
Total ram usage:        3 bytes
 Hardware stack levels used:    1
 Hardware stack levels required when called:    2
 This function calls:
		_hxCalcChecksum
		i2_hxFlushOutputBuffer
 This function is called by:
		_hxCmdFilter
		_hxHandleTmr0
 This function uses a non-reentrant model


 *************** function i2_hxFlushOutputBuffer *****************
 Defined at:
		line 279 in file "HX_CommInterface.c"
 Parameters:    Size  Location     Type
		None
 Auto vars:     Size  Location     Type
		None
 Return value:  Size  Location     Type
                  1    wreg      void 
 Registers used:
		wreg, fsr2l, fsr2h, status,2, status,0, prodl, prodh, cstack
 Tracked objects:
		On entry : 
		On exit  : 
		Unchanged: 
 Data sizes:     COMRAM   BANK0   BANK1   BANK2   BANK3   BANK4   BANK5   BANK6   BANK7   BANK8   BANK9  BANK10  BANK11  BANK12  BANK13  BANK14
      Params:         0       0       0       0       0       0       0       0       0       0       0       0       0       0       0       0
      Locals:         0       0       0       0       0       0       0       0       0       0       0       0       0       0       0       0
      Temps:          0       0       0       0       0       0       0       0       0       0       0       0       0       0       0       0
      Totals:         0       0       0       0       0       0       0       0       0       0       0       0       0       0       0       0
Total ram usage:        0 bytes
 Hardware stack levels used:    1
 Hardware stack levels required when called:    1
 This function calls:
		i2_hxClearArray
 This function is called by:
		_hxCmdFilter
		_hxSetupPacket1
		_hxHandleTmr0
 This function uses a non-reentrant model


 *************** function i2_hxClearArray *****************
 Defined at:
		line 302 in file "HX_CommInterface.c"
 Parameters:    Size  Location     Type
  arr             2    0[COMRAM] PTR unsigned char 
		 -> hx_outData(64), hx_mainData(61), hx_inData(64), 
  size            1    2[COMRAM] unsigned char 
 Auto vars:     Size  Location     Type
  hxClearArray    1    3[COMRAM] unsigned char 
 Return value:  Size  Location     Type
                  1    wreg      void 
 Registers used:
		wreg, fsr2l, fsr2h, status,2, status,0, prodl, prodh
 Tracked objects:
		On entry : 
		On exit  : 
		Unchanged: 
 Data sizes:     COMRAM   BANK0   BANK1   BANK2   BANK3   BANK4   BANK5   BANK6   BANK7   BANK8   BANK9  BANK10  BANK11  BANK12  BANK13  BANK14
      Params:         3       0       0       0       0       0       0       0       0       0       0       0       0       0       0       0
      Locals:         1       0       0       0       0       0       0       0       0       0       0       0       0       0       0       0
      Temps:          0       0       0       0       0       0       0       0       0       0       0       0       0       0       0       0
      Totals:         4       0       0       0       0       0       0       0       0       0       0       0       0       0       0       0
Total ram usage:        4 bytes
 Hardware stack levels used:    1
 This function calls:
		Nothing
 This function is called by:
		i2_hxFlushInputBuffer
		i2_hxFlushOutputBuffer
		i2_hxFlushMainDataBuffer
 This function uses a non-reentrant model


 *************** function _hxCalcChecksum *****************
 Defined at:
		line 291 in file "HX_CommInterface.c"
 Parameters:    Size  Location     Type
  data            2    0[COMRAM] PTR unsigned char 
		 -> hx_outData(64), 
  size            1    2[COMRAM] unsigned char 
 Auto vars:     Size  Location     Type
  i               1    3[COMRAM] unsigned char 
  temp_checksu    1    4[COMRAM] unsigned char 
 Return value:  Size  Location     Type
                  1    wreg      unsigned char 
 Registers used:
		wreg, fsr2l, fsr2h, status,2, status,0, prodl, prodh
 Tracked objects:
		On entry : 
		On exit  : 
		Unchanged: 
 Data sizes:     COMRAM   BANK0   BANK1   BANK2   BANK3   BANK4   BANK5   BANK6   BANK7   BANK8   BANK9  BANK10  BANK11  BANK12  BANK13  BANK14
      Params:         3       0       0       0       0       0       0       0       0       0       0       0       0       0       0       0
      Locals:         2       0       0       0       0       0       0       0       0       0       0       0       0       0       0       0
      Temps:          0       0       0       0       0       0       0       0       0       0       0       0       0       0       0       0
      Totals:         5       0       0       0       0       0       0       0       0       0       0       0       0       0       0       0
Total ram usage:        5 bytes
 Hardware stack levels used:    1
 This function calls:
		Nothing
 This function is called by:
		_hxSetupPacket1
		_hxSetupPacket2
 This function uses a non-reentrant model



MODULE INFORMATION

Module		Function		Class		Link	Load	Size
mcc_generated_files/interrupt_manager.c
		_INTERRUPT_Initialize		CODE           	2A4E	0000	5
		_INTERRUPT_InterruptManager		CODE           	0008	0000	221

mcc_generated_files/interrupt_manager.c estimated size: 226

mcc_generated_files/tmr0.c
		_TMR0_SetInterruptHandler		CODE           	2A20	0000	15
		_TMR0_StopTimer		CODE           	2A4A	0000	5
		_TMR0_DefaultInterruptHandler		CODE           	2A44	0000	7
		_TMR0_StartTimer		CODE           	2A56	0000	5
		_TMR0_Write16bitTimer		CODE           	2A2E	0000	13
		_TMR0_ISR      		CODE           	27C2	0000	55
		_TMR0_Initialize		CODE           	2528	0000	79

mcc_generated_files/tmr0.c estimated size: 179

mcc_generated_files/i2c1.c
		_I2C1_BusCollisionISR		CODE           	2A5E	0000	3
		_I2C1_MasterRead		CODE           	2432	0000	85
		_I2C1_FunctionComplete		CODE           	297E	0000	25
		_I2C1_MasterWriteTRBBuild		CODE           	2576	0000	75
		_I2C1_ISR      		CODE           	134C	0000	619
		_I2C1_MasterWrite		CODE           	23DE	0000	85
		_I2C1_Initialize		CODE           	26CA	0000	65
		_I2C1_Stop     		CODE           	274A	0000	63
		_I2C1_MasterReadTRBBuild		CODE           	2388	0000	87
		_I2C1_MasterTRBInsert		CODE           	1E70	0000	191

mcc_generated_files/i2c1.c estimated size: 1298

HX_CommInterface.c
		_hxCalcChecksum		CODE           	282C	0000	47
		_hxHandleTxUART		CODE           	22C2	0000	101
		_HX_Initialize 		CODE           	2996	0000	23
		_hxStartTimer  		CODE           	29FE	0000	19
		_hxClearArray  		CODE           	285A	0000	45
		_hxFlushMainDataBuffer		CODE           	292C	0000	29
		_hxSetupPacket1		CODE           	24D8	0000	81
		_hxSetupPacket2		CODE           	2256	0000	109
		_hxFlushOutputBuffer		CODE           	2910	0000	29
		_hxCmdFilter   		CODE           	1918	0000	401
		_hxISRHandle   		CODE           	1D9A	0000	215
		_hxStopTimer   		CODE           	29D8	0000	21
		_hxHandleTmr0  		CODE           	270A	0000	65
		_hxFlushInputBuffer		CODE           	28CE	0000	35

HX_CommInterface.c estimated size: 1220

HX_SPP_CARBON.c
		_hxSPPCarbonProgram_test		CODE           	15B6	0000	443
		_hxSPPCarbonRead_test		CODE           	2486	0000	83
		_hxSPPCarbonCheckBusy_test		CODE           	00E8	0000	915
		_hxSPPCarbonWriteReg_test		CODE           	1770	0000	425
		_run_SPPCarbon_test		CODE           	0A6E	0000	759
		_hxSPPCarbonWrite_test		CODE           	2788	0000	59
		_hxOddParityCalc		CODE           	20F8	0000	123
		_hxSPPCarbonWriteAndVerity_test		CODE           	1BBA	0000	249
		_hxSPPCarbonReadReg_test		CODE           	0776	0000	761

HX_SPP_CARBON.c estimated size: 3817

mcc_generated_files/pin_manager.c
		_PIN_MANAGER_Initialize		CODE           	1CB2	0000	233

mcc_generated_files/pin_manager.c estimated size: 233

shared
		i2_TMR0_StopTimer		CODE           	2A52	0000	5
		i2_hxStopTimer 		CODE           	29EC	0000	19
		i2_hxFlushMainDataBuffer		CODE           	29AC	0000	23
		i2_hxFlushOutputBuffer		CODE           	29C2	0000	23
		i2_TMR0_Write16bitTimer		CODE           	2A3A	0000	11
		__initialization		CODE           	268A	0000	55
		i2_hxFlushInputBuffer		CODE           	2948	0000	29
		i2_hxClearArray		CODE           	2886	0000	39

shared estimated size: 204

mcc_generated_files/eusart1.c
		_EUSART1_Initialize		CODE           	2648	0000	67
		_EUSART1_Write 		CODE           	2604	0000	69
		_EUSART1_Receive_ISR		CODE           	2A10	0000	17
		_EUSART1_Transmit_ISR		CODE           	27F8	0000	53

mcc_generated_files/eusart1.c estimated size: 206

mcc_generated_files/mcc.c
		_OSCILLATOR_Initialize		CODE           	28F0	0000	33
		_SYSTEM_Initialize		CODE           	2964	0000	27

mcc_generated_files/mcc.c estimated size: 60

Utils.c
		_readI2C       		CODE           	2326	0000	99
		_writeI2C      		CODE           	2172	0000	115
		_calcChecksum  		CODE           	25C0	0000	69

Utils.c estimated size: 283

HX_ASL_BORON.c
		_ARDUINO_test_debug		CODE           	2074	0000	133
		_ASLB_test0    		CODE           	28AC	0000	35
		_ASLB_test1    		CODE           	047A	0000	765
		_ASLB_cnfg0    		CODE           	2A5C	0000	3
		_ASLB_cnfg1    		CODE           	2A5A	0000	3
		_write_ASLBoron_cstm_cnfg		CODE           	1FDE	0000	151
		_write_ASLBoron_test		CODE           	1AA8	0000	275
		_run_ASLBoron  		CODE           	1058	0000	757
		_write_ASLBoron_cnfg		CODE           	21E4	0000	115

HX_ASL_BORON.c estimated size: 2237

main.c
		_main          		CODE           	1F2E	0000	177

main.c estimated size: 177

HX_I2C.c
		_run_I2C       		CODE           	0D64	0000	757

HX_I2C.c estimated size: 757

